Java HotSpot(TM) 64-Bit Server VM (25.144-b01) for windows-amd64 JRE (1.8.0_144-b01), built on Jul 21 2017 21:57:33 by "java_re" with MS VC++ 10.0 (VS2010)
Memory: 4k page, physical 16649380k(10937744k free), swap 19139748k(11224252k free)
CommandLine flags: -XX:+HeapDumpOnOutOfMemoryError -XX:HeapDumpPath=./logs -XX:InitialHeapSize=268435456 -XX:+ManagementServer -XX:MaxHeapSize=536870912 -XX:+PrintGC -XX:+PrintGCDetails -XX:+PrintGCTimeStamps -XX:+UseCompressedClassPointers -XX:+UseCompressedOops -XX:-UseLargePagesIndividualAllocation -XX:+UseParallelGC 
0.862: [GC (Allocation Failure) [PSYoungGen: 65536K->3921K(76288K)] 65536K->3937K(251392K), 0.0035370 secs] [Times: user=0.00 sys=0.00, real=0.00 secs] 
1.009: [GC (Allocation Failure) [PSYoungGen: 69457K->4453K(76288K)] 69473K->4477K(251392K), 0.0039064 secs] [Times: user=0.08 sys=0.03, real=0.00 secs] 
1.156: [GC (Allocation Failure) [PSYoungGen: 69989K->5061K(76288K)] 70013K->5093K(251392K), 0.0029652 secs] [Times: user=0.00 sys=0.00, real=0.00 secs] 
1.244: [GC (Allocation Failure) [PSYoungGen: 70597K->5285K(141824K)] 70629K->5325K(316928K), 0.0036693 secs] [Times: user=0.00 sys=0.00, real=0.00 secs] 
1.501: [GC (Allocation Failure) [PSYoungGen: 136357K->5793K(141824K)] 136397K->5841K(316928K), 0.0039479 secs] [Times: user=0.00 sys=0.00, real=0.00 secs] 
1.618: [GC (Metadata GC Threshold) [PSYoungGen: 66171K->6101K(159232K)] 66219K->6157K(334336K), 0.0040256 secs] [Times: user=0.06 sys=0.03, real=0.00 secs] 
1.622: [Full GC (Metadata GC Threshold) [PSYoungGen: 6101K->0K(159232K)] [ParOldGen: 56K->5882K(175104K)] 6157K->5882K(334336K), [Metaspace: 20645K->20644K(1067008K)], 0.0207163 secs] [Times: user=0.13 sys=0.00, real=0.02 secs] 
3.104: [GC (Allocation Failure) [PSYoungGen: 152576K->3136K(159744K)] 158458K->9090K(334848K), 0.0030239 secs] [Times: user=0.08 sys=0.00, real=0.00 secs] 
5.193: [GC (Allocation Failure) [PSYoungGen: 155712K->4980K(167424K)] 161666K->10942K(342528K), 0.0042696 secs] [Times: user=0.00 sys=0.00, real=0.00 secs] 
5.396: [GC (Allocation Failure) [PSYoungGen: 165236K->6517K(166912K)] 171198K->12487K(342016K), 0.0040245 secs] [Times: user=0.00 sys=0.00, real=0.00 secs] 
5.697: [GC (Allocation Failure) [PSYoungGen: 166773K->6773K(166912K)] 172743K->15467K(342016K), 0.0070834 secs] [Times: user=0.11 sys=0.01, real=0.01 secs] 
6.056: [GC (Allocation Failure) [PSYoungGen: 166005K->5760K(166912K)] 174699K->17561K(342016K), 0.0052053 secs] [Times: user=0.13 sys=0.00, real=0.01 secs] 
6.165: [GC (Metadata GC Threshold) [PSYoungGen: 44233K->576K(165888K)] 56035K->17925K(340992K), 0.0040223 secs] [Times: user=0.11 sys=0.01, real=0.00 secs] 
6.169: [Full GC (Metadata GC Threshold) [PSYoungGen: 576K->0K(165888K)] [ParOldGen: 17349K->16807K(175104K)] 17925K->16807K(340992K), [Metaspace: 34197K->34197K(1079296K)], 0.1199799 secs] [Times: user=0.50 sys=0.00, real=0.12 secs] 
6.811: [GC (Allocation Failure) [PSYoungGen: 158208K->3200K(166400K)] 175015K->20015K(341504K), 0.0031223 secs] [Times: user=0.00 sys=0.00, real=0.00 secs] 
7.301: [GC (Allocation Failure) [PSYoungGen: 161408K->5632K(166400K)] 178223K->22455K(341504K), 0.0058592 secs] [Times: user=0.00 sys=0.00, real=0.01 secs] 
7.836: [GC (Allocation Failure) [PSYoungGen: 163840K->8161K(166400K)] 180663K->25048K(341504K), 0.0052476 secs] [Times: user=0.13 sys=0.00, real=0.01 secs] 
8.523: [GC (Allocation Failure) [PSYoungGen: 166369K->5944K(164352K)] 183256K->28223K(339456K), 0.0066396 secs] [Times: user=0.13 sys=0.00, real=0.01 secs] 
8.895: [GC (Allocation Failure) [PSYoungGen: 162104K->7670K(163840K)] 184383K->29957K(338944K), 0.0053924 secs] [Times: user=0.00 sys=0.00, real=0.01 secs] 
9.238: [GC (Allocation Failure) [PSYoungGen: 163830K->9254K(162816K)] 186117K->31549K(337920K), 0.0047251 secs] [Times: user=0.00 sys=0.00, real=0.01 secs] 
10.235: [GC (Allocation Failure) [PSYoungGen: 162342K->10486K(163840K)] 184637K->32789K(338944K), 0.0062990 secs] [Times: user=0.00 sys=0.00, real=0.01 secs] 
10.694: [GC (Allocation Failure) [PSYoungGen: 163574K->10726K(157696K)] 185877K->34694K(332800K), 0.0090114 secs] [Times: user=0.13 sys=0.00, real=0.01 secs] 
11.083: [GC (Allocation Failure) [PSYoungGen: 156453K->12226K(159232K)] 180420K->41014K(334336K), 0.0077941 secs] [Times: user=0.13 sys=0.00, real=0.01 secs] 
11.227: [GC (Allocation Failure) [PSYoungGen: 159170K->6752K(160256K)] 187958K->35548K(335360K), 0.0046751 secs] [Times: user=0.13 sys=0.00, real=0.00 secs] 
11.406: [GC (Metadata GC Threshold) [PSYoungGen: 77551K->5941K(151552K)] 106348K->36281K(326656K), 0.0047393 secs] [Times: user=0.00 sys=0.00, real=0.00 secs] 
11.410: [Full GC (Metadata GC Threshold) [PSYoungGen: 5941K->0K(151552K)] [ParOldGen: 30340K->34511K(217600K)] 36281K->34511K(369152K), [Metaspace: 56691K->56691K(1099776K)], 0.2464531 secs] [Times: user=1.47 sys=0.02, real=0.25 secs] 
11.882: [GC (Allocation Failure) [PSYoungGen: 145408K->1408K(158720K)] 179919K->35927K(376320K), 0.0024393 secs] [Times: user=0.00 sys=0.00, real=0.00 secs] 
12.163: [GC (Allocation Failure) [PSYoungGen: 146304K->3520K(159232K)] 180823K->38039K(376832K), 0.0039370 secs] [Times: user=0.06 sys=0.00, real=0.00 secs] 
12.430: [GC (Allocation Failure) [PSYoungGen: 148416K->4992K(159232K)] 182935K->39511K(376832K), 0.0052487 secs] [Times: user=0.13 sys=0.00, real=0.01 secs] 
12.779: [GC (Allocation Failure) [PSYoungGen: 150912K->6720K(159744K)] 185431K->41247K(377344K), 0.0050135 secs] [Times: user=0.00 sys=0.00, real=0.00 secs] 
13.012: [GC (Allocation Failure) [PSYoungGen: 152640K->7808K(159744K)] 187167K->42335K(377344K), 0.0060860 secs] [Times: user=0.00 sys=0.00, real=0.01 secs] 
13.250: [GC (Allocation Failure) [PSYoungGen: 155264K->9184K(160256K)] 189791K->43719K(377856K), 0.0063074 secs] [Times: user=0.00 sys=0.00, real=0.01 secs] 
13.516: [GC (Allocation Failure) [PSYoungGen: 156256K->11935K(158208K)] 190791K->46478K(375808K), 0.0064678 secs] [Times: user=0.00 sys=0.00, real=0.01 secs] 
13.809: [GC (Allocation Failure) [PSYoungGen: 156831K->12672K(157696K)] 191374K->47223K(375296K), 0.0070021 secs] [Times: user=0.00 sys=0.00, real=0.01 secs] 
14.052: [GC (Allocation Failure) [PSYoungGen: 157568K->14112K(155648K)] 192119K->48671K(373248K), 0.0081056 secs] [Times: user=0.13 sys=0.00, real=0.01 secs] 
14.242: [GC (Allocation Failure) [PSYoungGen: 153888K->15360K(155648K)] 188447K->49919K(373248K), 0.0100774 secs] [Times: user=0.13 sys=0.00, real=0.01 secs] 
14.468: [GC (Allocation Failure) [PSYoungGen: 155136K->16896K(151552K)] 189695K->51455K(369152K), 0.0102809 secs] [Times: user=0.00 sys=0.00, real=0.01 secs] 
16.205: [GC (Allocation Failure) [PSYoungGen: 149504K->18080K(151040K)] 184063K->52639K(368640K), 0.0098582 secs] [Times: user=0.03 sys=0.00, real=0.01 secs] 
35.439: [GC (Allocation Failure) [PSYoungGen: 150688K->13376K(151552K)] 185247K->47943K(369152K), 0.0095315 secs] [Times: user=0.03 sys=0.00, real=0.01 secs] 
35.768: [GC (Allocation Failure) [PSYoungGen: 141888K->16048K(144896K)] 176455K->50623K(362496K), 0.0094487 secs] [Times: user=0.09 sys=0.00, real=0.01 secs] 
48.251: [GC (Allocation Failure) [PSYoungGen: 144560K->16920K(148992K)] 179135K->51503K(366592K), 0.0089053 secs] [Times: user=0.00 sys=0.00, real=0.01 secs] 
49.959: [GC (Allocation Failure) [PSYoungGen: 142360K->17728K(143360K)] 176943K->53135K(360960K), 0.0089936 secs] [Times: user=0.13 sys=0.00, real=0.01 secs] 
50.115: [GC (Allocation Failure) [PSYoungGen: 143168K->18952K(146432K)] 178575K->55791K(364032K), 0.0136657 secs] [Times: user=0.13 sys=0.00, real=0.01 secs] 
50.411: [GC (Allocation Failure) [PSYoungGen: 140296K->18896K(140288K)] 177135K->57847K(357888K), 0.0138032 secs] [Times: user=0.13 sys=0.00, real=0.01 secs] 
50.991: [GC (Allocation Failure) [PSYoungGen: 140240K->19109K(146432K)] 179191K->59488K(364032K), 0.0083000 secs] [Times: user=0.11 sys=0.00, real=0.01 secs] 
51.211: [GC (Allocation Failure) [PSYoungGen: 138405K->18608K(138240K)] 178784K->60047K(355840K), 0.0142696 secs] [Times: user=0.13 sys=0.00, real=0.01 secs] 
51.452: [GC (Allocation Failure) [PSYoungGen: 137904K->17512K(146944K)] 179343K->61131K(364544K), 0.0084108 secs] [Times: user=0.00 sys=0.00, real=0.01 secs] 
51.641: [GC (Allocation Failure) [PSYoungGen: 136296K->16824K(135680K)] 179915K->62115K(353280K), 0.0073223 secs] [Times: user=0.00 sys=0.00, real=0.01 secs] 
52.382: [GC (Allocation Failure) [PSYoungGen: 135608K->16152K(146432K)] 180899K->62943K(364032K), 0.0075137 secs] [Times: user=0.13 sys=0.00, real=0.01 secs] 
52.522: [GC (Allocation Failure) [PSYoungGen: 134450K->18518K(145920K)] 181242K->67626K(363520K), 0.0089688 secs] [Times: user=0.13 sys=0.00, real=0.01 secs] 
52.647: [GC (Allocation Failure) [PSYoungGen: 137814K->11072K(147456K)] 186922K->63691K(365056K), 0.0065656 secs] [Times: user=0.13 sys=0.00, real=0.01 secs] 
52.821: [GC (Allocation Failure) [PSYoungGen: 132416K->7120K(147456K)] 185035K->64775K(365056K), 0.0064255 secs] [Times: user=0.11 sys=0.01, real=0.01 secs] 
52.994: [GC (Allocation Failure) [PSYoungGen: 128464K->6720K(147968K)] 186119K->66399K(365568K), 0.0066002 secs] [Times: user=0.00 sys=0.00, real=0.01 secs] 
53.204: [GC (Allocation Failure) [PSYoungGen: 128064K->5952K(147968K)] 187743K->67711K(365568K), 0.0057020 secs] [Times: user=0.00 sys=0.00, real=0.01 secs] 
53.319: [GC (Allocation Failure) [PSYoungGen: 127296K->5312K(147968K)] 189055K->68327K(365568K), 0.0051503 secs] [Times: user=0.13 sys=0.00, real=0.00 secs] 
53.453: [GC (Allocation Failure) [PSYoungGen: 126656K->4928K(147968K)] 189671K->69527K(365568K), 0.0038725 secs] [Times: user=0.00 sys=0.00, real=0.00 secs] 
53.581: [GC (Allocation Failure) [PSYoungGen: 126272K->3296K(146944K)] 190871K->70955K(364544K), 0.0035771 secs] [Times: user=0.00 sys=0.00, real=0.00 secs] 
53.710: [GC (Allocation Failure) [PSYoungGen: 124640K->2432K(147456K)] 192299K->71903K(365056K), 0.0036945 secs] [Times: user=0.02 sys=0.00, real=0.00 secs] 
53.826: [GC (Allocation Failure) [PSYoungGen: 123776K->1216K(148480K)] 193247K->73035K(366080K), 0.0041011 secs] [Times: user=0.00 sys=0.00, real=0.00 secs] 
53.958: [GC (Allocation Failure) [PSYoungGen: 123584K->1280K(123904K)] 195403K->74203K(341504K), 0.0030618 secs] [Times: user=0.00 sys=0.00, real=0.00 secs] 
55.596: [GC (Allocation Failure) [PSYoungGen: 123648K->1184K(148480K)] 196571K->75259K(366080K), 0.0034148 secs] [Times: user=0.00 sys=0.00, real=0.00 secs] 
Heap
 PSYoungGen      total 148480K, used 104655K [0x00000000f5580000, 0x0000000100000000, 0x0000000100000000)
  eden space 122880K, 84% used [0x00000000f5580000,0x00000000fba8be80,0x00000000fcd80000)
  from space 25600K, 4% used [0x00000000fe600000,0x00000000fe728000,0x00000000fff00000)
  to   space 25088K, 0% used [0x00000000fcd80000,0x00000000fcd80000,0x00000000fe600000)
 ParOldGen       total 217600K, used 74075K [0x00000000e0000000, 0x00000000ed480000, 0x00000000f5580000)
  object space 217600K, 34% used [0x00000000e0000000,0x00000000e4856ed8,0x00000000ed480000)
 Metaspace       used 74061K, capacity 77404K, committed 77656K, reserved 1116160K
  class space    used 9671K, capacity 10264K, committed 10368K, reserved 1048576K
