Java HotSpot(TM) 64-Bit Server VM (25.231-b11) for windows-amd64 JRE (1.8.0_231-b11), built on Oct  5 2019 03:11:30 by "java_re" with MS VC++ 10.0 (VS2010)
Memory: 4k page, physical 16649380k(10907740k free), swap 19139748k(11495932k free)
CommandLine flags: -XX:+HeapDumpOnOutOfMemoryError -XX:HeapDumpPath=./logs -XX:InitialHeapSize=268435456 -XX:+ManagementServer -XX:MaxHeapSize=536870912 -XX:+PrintGC -XX:+PrintGCDetails -XX:+PrintGCTimeStamps -XX:+UseCompressedClassPointers -XX:+UseCompressedOops -XX:-UseLargePagesIndividualAllocation -XX:+UseParallelGC 
1.623: [GC (Allocation Failure) [PSYoungGen: 65536K->3749K(76288K)] 65536K->3765K(251392K), 0.0036727 secs] [Times: user=0.02 sys=0.02, real=0.00 secs] 
1.833: [GC (Allocation Failure) [PSYoungGen: 69285K->4421K(76288K)] 69301K->4445K(251392K), 0.0048847 secs] [Times: user=0.00 sys=0.00, real=0.00 secs] 
1.987: [GC (Allocation Failure) [PSYoungGen: 69957K->4785K(76288K)] 69981K->4817K(251392K), 0.0027351 secs] [Times: user=0.00 sys=0.00, real=0.00 secs] 
2.077: [GC (Allocation Failure) [PSYoungGen: 70321K->5057K(141824K)] 70353K->5097K(316928K), 0.0039507 secs] [Times: user=0.00 sys=0.00, real=0.00 secs] 
2.359: [GC (Allocation Failure) [PSYoungGen: 136129K->5605K(141824K)] 136169K->5653K(316928K), 0.0042498 secs] [Times: user=0.00 sys=0.00, real=0.00 secs] 
2.510: [GC (Metadata GC Threshold) [PSYoungGen: 61054K->5905K(158720K)] 61102K->6025K(333824K), 0.0047405 secs] [Times: user=0.00 sys=0.00, real=0.00 secs] 
2.515: [Full GC (Metadata GC Threshold) [PSYoungGen: 5905K->0K(158720K)] [ParOldGen: 120K->5804K(175104K)] 6025K->5804K(333824K), [Metaspace: 20739K->20737K(1067008K)], 0.0241844 secs] [Times: user=0.11 sys=0.00, real=0.02 secs] 
3.386: [GC (Allocation Failure) [PSYoungGen: 152576K->3104K(159232K)] 158380K->8916K(334336K), 0.0030293 secs] [Times: user=0.03 sys=0.00, real=0.00 secs] 
4.954: [GC (Allocation Failure) [PSYoungGen: 155680K->4832K(167424K)] 161492K->10652K(342528K), 0.0036599 secs] [Times: user=0.00 sys=0.00, real=0.00 secs] 
5.189: [GC (Allocation Failure) [PSYoungGen: 165600K->6529K(167424K)] 171420K->12357K(342528K), 0.0046043 secs] [Times: user=0.00 sys=0.00, real=0.00 secs] 
5.488: [GC (Allocation Failure) [PSYoungGen: 167297K->4865K(167424K)] 173125K->15181K(342528K), 0.0065129 secs] [Times: user=0.00 sys=0.00, real=0.01 secs] 
5.868: [GC (Allocation Failure) [PSYoungGen: 165121K->2976K(167424K)] 175437K->17422K(342528K), 0.0041549 secs] [Times: user=0.00 sys=0.00, real=0.00 secs] 
6.083: [GC (Metadata GC Threshold) [PSYoungGen: 70407K->960K(166400K)] 84854K->18089K(341504K), 0.0039240 secs] [Times: user=0.00 sys=0.00, real=0.00 secs] 
6.087: [Full GC (Metadata GC Threshold) [PSYoungGen: 960K->0K(166400K)] [ParOldGen: 17129K->17007K(175104K)] 18089K->17007K(341504K), [Metaspace: 34203K->34203K(1079296K)], 0.1335134 secs] [Times: user=1.03 sys=0.00, real=0.13 secs] 
6.869: [GC (Allocation Failure) [PSYoungGen: 159232K->3616K(166912K)] 176239K->20631K(342016K), 0.0040761 secs] [Times: user=0.03 sys=0.00, real=0.00 secs] 
7.328: [GC (Allocation Failure) [PSYoungGen: 162848K->5696K(166912K)] 179863K->22719K(342016K), 0.0049296 secs] [Times: user=0.00 sys=0.00, real=0.01 secs] 
8.331: [GC (Allocation Failure) [PSYoungGen: 164928K->7670K(166912K)] 181951K->27013K(342016K), 0.0067055 secs] [Times: user=0.00 sys=0.00, real=0.01 secs] 
8.733: [GC (Allocation Failure) [PSYoungGen: 166902K->5510K(163840K)] 186245K->28761K(338944K), 0.0069554 secs] [Times: user=0.00 sys=0.00, real=0.01 secs] 
9.120: [GC (Allocation Failure) [PSYoungGen: 161670K->7526K(163840K)] 184921K->30785K(338944K), 0.0054370 secs] [Times: user=0.13 sys=0.00, real=0.01 secs] 
9.484: [GC (Allocation Failure) [PSYoungGen: 163686K->8886K(162816K)] 186945K->32153K(337920K), 0.0059377 secs] [Times: user=0.00 sys=0.00, real=0.01 secs] 
10.512: [GC (Allocation Failure) [PSYoungGen: 161974K->10198K(163328K)] 185241K->33473K(338432K), 0.0070143 secs] [Times: user=0.11 sys=0.00, real=0.01 secs] 
11.007: [GC (Allocation Failure) [PSYoungGen: 163286K->11254K(159232K)] 186561K->35345K(334336K), 0.0081246 secs] [Times: user=0.05 sys=0.00, real=0.01 secs] 
11.314: [GC (Allocation Failure) [PSYoungGen: 159159K->8935K(157184K)] 183250K->38244K(332288K), 0.0081135 secs] [Times: user=0.00 sys=0.00, real=0.01 secs] 
11.595: [GC (Allocation Failure) [PSYoungGen: 156903K->7104K(161280K)] 186212K->36429K(336384K), 0.0049366 secs] [Times: user=0.00 sys=0.00, real=0.00 secs] 
11.687: [GC (Metadata GC Threshold) [PSYoungGen: 48074K->7280K(155136K)] 77400K->36605K(330240K), 0.0049864 secs] [Times: user=0.00 sys=0.00, real=0.00 secs] 
11.692: [Full GC (Metadata GC Threshold) [PSYoungGen: 7280K->0K(155136K)] [ParOldGen: 29325K->34842K(223232K)] 36605K->34842K(378368K), [Metaspace: 56707K->56707K(1099776K)], 0.2542689 secs] [Times: user=1.53 sys=0.03, real=0.25 secs] 
12.226: [GC (Allocation Failure) [PSYoungGen: 147456K->1376K(159744K)] 182298K->36226K(382976K), 0.0029277 secs] [Times: user=0.00 sys=0.00, real=0.00 secs] 
12.519: [GC (Allocation Failure) [PSYoungGen: 148320K->3488K(160256K)] 183170K->38346K(383488K), 0.0032757 secs] [Times: user=0.00 sys=0.00, real=0.00 secs] 
12.795: [GC (Allocation Failure) [PSYoungGen: 150432K->5056K(160256K)] 185290K->39914K(383488K), 0.0048051 secs] [Times: user=0.05 sys=0.02, real=0.01 secs] 
13.144: [GC (Allocation Failure) [PSYoungGen: 153536K->6688K(160768K)] 188394K->41554K(384000K), 0.0057971 secs] [Times: user=0.00 sys=0.00, real=0.01 secs] 
13.363: [GC (Allocation Failure) [PSYoungGen: 155168K->7808K(162304K)] 190034K->42674K(385536K), 0.0057969 secs] [Times: user=0.00 sys=0.00, real=0.01 secs] 
13.607: [GC (Allocation Failure) [PSYoungGen: 157824K->9280K(159744K)] 192690K->44154K(382976K), 0.0062269 secs] [Times: user=0.13 sys=0.00, real=0.01 secs] 
13.939: [GC (Allocation Failure) [PSYoungGen: 159296K->11168K(159744K)] 194170K->46050K(382976K), 0.0078514 secs] [Times: user=0.00 sys=0.00, real=0.01 secs] 
14.200: [GC (Allocation Failure) [PSYoungGen: 158112K->12736K(159744K)] 192994K->47626K(382976K), 0.0079115 secs] [Times: user=0.13 sys=0.00, real=0.01 secs] 
14.488: [GC (Allocation Failure) [PSYoungGen: 159680K->14208K(155648K)] 194570K->49106K(378880K), 0.0097902 secs] [Times: user=0.00 sys=0.00, real=0.01 secs] 
14.682: [GC (Allocation Failure) [PSYoungGen: 155008K->15872K(157184K)] 189906K->50778K(380416K), 0.0095981 secs] [Times: user=0.13 sys=0.00, real=0.01 secs] 
15.867: [GC (Allocation Failure) [PSYoungGen: 156672K->17120K(150016K)] 191578K->52034K(373248K), 0.0077614 secs] [Times: user=0.03 sys=0.00, real=0.01 secs] 
24.512: [GC (Allocation Failure) [PSYoungGen: 149728K->12864K(153600K)] 184642K->47786K(376832K), 0.0074187 secs] [Times: user=0.13 sys=0.00, real=0.01 secs] 
24.896: [GC (Allocation Failure) [PSYoungGen: 145472K->14352K(152576K)] 180394K->49282K(375808K), 0.0098443 secs] [Times: user=0.03 sys=0.00, real=0.01 secs] 
Heap
 PSYoungGen      total 152576K, used 145936K [0x00000000f5580000, 0x0000000100000000, 0x0000000100000000)
  eden space 131584K, 100% used [0x00000000f5580000,0x00000000fd600000,0x00000000fd600000)
  from space 20992K, 68% used [0x00000000feb80000,0x00000000ff984040,0x0000000100000000)
  to   space 21504K, 0% used [0x00000000fd600000,0x00000000fd600000,0x00000000feb00000)
 ParOldGen       total 223232K, used 34930K [0x00000000e0000000, 0x00000000eda00000, 0x00000000f5580000)
  object space 223232K, 15% used [0x00000000e0000000,0x00000000e221c940,0x00000000eda00000)
 Metaspace       used 71640K, capacity 74636K, committed 74840K, reserved 1114112K
  class space    used 9457K, capacity 10009K, committed 10112K, reserved 1048576K
